KataGo v1.12.3
Using TrompTaylor rules initially, unless GTP/GUI overrides this
Initializing board with boardXSize 19 boardYSize 19
Loaded config configs/gtp_example.cfg and/or command-line and query overrides
Loaded model tests/models/g170-b6c96-s175395328-d26788732.bin.gz
Model name: g170-b6c96-s175395328-d26788732
GTP ready, beginning main protocol loop
Initializing board with boardXSize 7 boardYSize 7
Changed rules to Chinese
MoveNum: 0 HASH: 534D5F4EAEDAD476890520B7CAD26FA0
   A B C D E F G
 7 . . . O X X .
 6 . O . O O X .
 5 . X O O X . .
 4 . O O @ X . .
 3 . X O X X O X
 2 O O X X . X .
 1 . X . . . . .

koSIMPLEscoreAREAtaxNONEsui0whbNfpok1komi5
Time taken: ###
Root visits: 100
New playouts: 100
NN rows: 49
NN batches: 49
NN avg batch size: 1
PV: D4 A3 F4 A1 C1 A5 pass pass
Tree:
: T   2.34c W  14.46c S  -2.77c ( +0.1 L  +0.1) N     100  --  D4 A3 F4 A1 C1 A5 pass
---Black(^)---
D4  : T   3.93c W  15.76c S  -2.99c ( +0.0 L  +0.0) LCB  -15.66c P 28.51% WF  42.3 PSV      70 N      42  --  D4 A3 F4 A1 C1 A5 pass pass
C1  : T  -2.24c W  10.99c S  -2.85c ( +0.1 L  +0.1) LCB  -24.19c P 59.53% WF  41.0 PSV      42 N      42  --  C1 A3 D4 A1 F4 A5 pass pass
F4  : T   5.27c W  16.12c S  -2.21c ( +0.2 L  +0.2) LCB  -30.90c P  7.30% WF  15.3 PSV      13 N      15  --  F4 D4 C1 A3 A1 A5 pass pass
MoveNum: 1 HASH: 52844085B23915A6A066B24E800201DC
   A B C D E F G
 7 . . . O X X .
 6 . O . O O X .
 5 . X O O X . .
 4 . O O X1X . .
 3 @ X O X X O X
 2 O O X X . X .
 1 . X . . . . .

koSIMPLEscoreAREAtaxNONEsui0whbNfpok1komi5
Time taken: ###
Root visits: 100
New playouts: 58
NN rows: 12
NN batches: 12
NN avg batch size: 1
PV: A3 F4 A1 C1 A5 pass pass
Tree:
: T   0.11c W  -5.62c S   0.11c ( -0.0 L  +0.0) N     100  --  A3 F4 A1 C1 A5 pass pass
---White(^)---
A3  : T   1.58c W  -4.31c S   0.18c ( +0.0 L  +0.0) LCB   -8.61c P 58.03% WF  98.2 PSV      98 N      98  --  A3 F4 A1 C1 A5 pass pass
C1  : T -90.44c W -86.01c S  -4.43c ( -1.3 L  -1.0) LCB -440.44c P 16.62% WF   0.8 PSV       1 N       1  --  C1
MoveNum: 2 HASH: BD17188D3FA6FC41A4A484243DEAE6FF
   A B C D E F G
 7 . . . O X X .
 6 . O . O O X .
 5 . X O O X . .
 4 . O O X1X @ .
 3 O2. O X X O X
 2 O O X X . X .
 1 . X . . . . .

koSIMPLEscoreAREAtaxNONEsui0whbNfpok1komi5
Time taken: ###
Root visits: 100
New playouts: 2
NN rows: 3
NN batches: 3
NN avg batch size: 1
PV: F4 A1 C1 A5 pass pass
Tree:
: T  -1.16c W   4.07c S  -0.05c ( -0.0 L  -0.0) N     100  --  F4 A1 C1 A5 pass pass
---Black(^)---
F4  : T   2.48c W   7.10c S   0.11c ( +0.0 L  +0.0) LCB  -13.25c P 11.04% WF  41.0 PSV      88 N      40  --  F4 A1 C1 A5 pass pass
C1  : T  -4.84c W   1.10c S  -0.16c ( -0.1 L  -0.1) LCB  -17.31c P 82.16% WF  56.0 PSV      57 N      57  --  C1 A1 F4 A5 pass pass
F5  : T -25.74c W -23.28c S  -2.46c ( -0.7 L  -0.7) LCB -375.74c P  1.19% WF   0.9 PSV       0 N       1  --  F5
D1  : T  -4.40c W  -3.00c S  -1.40c ( -0.4 L  -0.5) LCB -356.08c P  1.09% WF   1.0 PSV       0 N       1  --  D1
MoveNum: 3 HASH: 48E6C4158A76372D961D73101CF04419
   A B C D E F G
 7 . . . O X X .
 6 . O . O O X .
 5 . X O O X . .
 4 . O O X1X X3.
 3 O2. O X X . X
 2 O O X X . X .
 1 @ X . . . . .

koSIMPLEscoreAREAtaxNONEsui0whbNfpok1komi5
Time taken: ###
Root visits: 100
New playouts: 60
NN rows: 5
NN batches: 5
NN avg batch size: 1
PV: A1 C1 A5 pass pass
Tree:
: T   0.12c W  -2.77c S   0.04c ( -0.0 L  +0.0) N     100  --  A1 C1 A5 pass pass
---White(^)---
A1  : T   1.71c W  -1.05c S   0.12c ( +0.0 L  +0.0) LCB   -5.73c P 66.25% WF  97.4 PSV      97 N      97  --  A1 C1 A5 pass pass
C1  : T -94.99c W -90.50c S  -4.49c ( -1.2 L  -1.3) LCB -444.99c P 17.02% WF   0.8 PSV       0 N       1  --  C1
A5  : T -66.43c W -94.00c S  -4.54c ( -1.2 L  -1.2) LCB -416.43c P  5.39% WF   0.8 PSV       0 N       1  --  A5
MoveNum: 5 HASH: 806A1708DE637B1D9145BE60E7EE7578
   A B C D E F G
 7 . . . O X X .
 6 . O . O O X .
 5 . X O O X . .
 4 . O O X X X1.
 3 O . O X X . X
 2 O O X X . X .
 1 O2X @ . . . .

koSIMPLEscoreAREAtaxNONEsui0whbNfpok1komi5
Time taken: ###
Root visits: 50
New playouts: 50
NN rows: 40
NN batches: 40
NN avg batch size: 1
PV: C1 D1 B1 pass A5 pass pass
Tree:
: T 104.48c W  99.89c S   4.03c ( +3.6 L  +3.3) N      50  --  C1 D1 B1 pass A5 pass pass
---White(^)---
C1  : T 104.51c W  99.90c S   4.04c ( +3.6 L  +3.3) LCB  103.77c P 96.89% WF  49.0 PSV      49 N      49  --  C1 D1 B1 pass A5 pass pass
MoveNum: 6 HASH: 9BE87029B630D0B6435D9AE046166F79
   A B C D E F G
 7 . . . O X X .
 6 . O . O O X .
 5 . X O O X . .
 4 . O O X X X .
 3 O . O X X . X
 2 O O X X . X .
 1 O1. O3@ . . .

koSIMPLEscoreAREAtaxNONEsui0whbNfpok1komi5
Time taken: ###
Root visits: 100
New playouts: 100
NN rows: 0
NN batches: 0
NN avg batch size: -nan
PV: D1 B1 pass A5 pass pass
Tree:
: T -108.23c W -99.93c S  -7.93c ( -3.6 L  -3.4) N     100  --  D1 B1 pass A5 pass pass
---Black(^)---
D1  : T -108.30c W -99.94c S  -8.00c ( -3.6 L  -3.5) LCB -108.75c P 90.77% WF  99.0 PSV      99 N      99  --  D1 B1 pass A5 pass pass
Changed rules to TrompTaylor
MoveNum: 0 HASH: 534D5F4EAEDAD476890520B7CAD26FA0
   A B C D E F G
 7 . . . O X X .
 6 . O . O O X .
 5 . X O O X . .
 4 . O O @ X . .
 3 . X O X X O X
 2 O O X X . X .
 1 . X . . . . .

koPOSITIONALscoreAREAtaxNONEsui1komi5
Time taken: ###
Root visits: 100
New playouts: 100
NN rows: 50
NN batches: 50
NN avg batch size: 1
PV: D4 A3 C1 A1 F4 A5 pass pass
Tree:
: T   2.12c W  14.06c S  -2.81c ( +0.1 L  +0.0) N     100  --  D4 A3 C1 A1 F4 A5 pass
---Black(^)---
D4  : T   3.39c W  14.75c S  -3.06c ( +0.0 L  -0.0) LCB  -14.77c P 28.23% WF  45.6 PSV      74 N      45  --  D4 A3 C1 A1 F4 A5 pass pass
C1  : T  -2.51c W  10.52c S  -2.88c ( +0.1 L  +0.1) LCB  -23.60c P 60.06% WF  42.1 PSV      43 N      43  --  C1 A3 D4 A1 F4 A5 pass pass
F4  : T   7.55c W  18.96c S  -1.98c ( +0.3 L  +0.2) LCB  -36.08c P  7.07% WF  11.3 PSV      11 N      11  --  F4 D4 C1 A3 A1 A5 pass pass
MoveNum: 1 HASH: 52844085B23915A6A066B24E800201DC
   A B C D E F G
 7 . . . O X X .
 6 . O . O O X .
 5 . X O O X . .
 4 . O O X1X . .
 3 @ X O X X O X
 2 O O X X . X .
 1 . X . . . . .

koPOSITIONALscoreAREAtaxNONEsui1komi5
Time taken: ###
Root visits: 100
New playouts: 55
NN rows: 10
NN batches: 10
NN avg batch size: 1
PV: A3 F4 A1 C1 A5 pass pass
Tree:
: T   0.14c W  -5.45c S   0.06c ( +0.0 L  +0.0) N     100  --  A3 F4 A1 C1 A5 pass pass
---White(^)---
A3  : T   1.59c W  -4.15c S   0.12c ( +0.0 L  +0.0) LCB   -8.38c P 59.40% WF  98.2 PSV      98 N      98  --  A3 F4 A1 C1 A5 pass pass
C1  : T -90.22c W -85.79c S  -4.43c ( -1.2 L  -1.0) LCB -440.22c P 16.19% WF   0.8 PSV       1 N       1  --  C1
MoveNum: 2 HASH: BD17188D3FA6FC41A4A484243DEAE6FF
   A B C D E F G
 7 . . . O X X .
 6 . O . O O X .
 5 . X O O X . .
 4 . O O X1X @ .
 3 O2. O X X O X
 2 O O X X . X .
 1 . X . . . . .

koPOSITIONALscoreAREAtaxNONEsui1komi5
Time taken: ###
Root visits: 100
New playouts: 2
NN rows: 3
NN batches: 3
NN avg batch size: 1
PV: F4 A1 C1 A5 pass pass
Tree:
: T  -1.40c W   3.80c S  -0.06c ( -0.0 L  -0.0) N     100  --  F4 A1 C1 A5 pass pass
---Black(^)---
F4  : T   2.28c W   6.97c S   0.11c ( +0.0 L  +0.0) LCB  -13.33c P 11.03% WF  40.0 PSV      88 N      39  --  F4 A1 C1 A5 pass pass
C1  : T  -4.93c W   0.86c S  -0.16c ( -0.1 L  -0.1) LCB  -17.11c P 82.37% WF  57.1 PSV      58 N      58  --  C1 A1 F4 A5 pass pass
F5  : T -26.24c W -23.82c S  -2.42c ( -0.7 L  -0.7) LCB -376.24c P  1.15% WF   0.9 PSV       0 N       1  --  F5
D1  : T  -6.31c W  -4.88c S  -1.42c ( -0.4 L  -0.5) LCB -357.99c P  1.08% WF   1.0 PSV       0 N       1  --  D1
MoveNum: 3 HASH: 48E6C4158A76372D961D73101CF04419
   A B C D E F G
 7 . . . O X X .
 6 . O . O O X .
 5 . X O O X . .
 4 . O O X1X X3.
 3 O2. O X X . X
 2 O O X X . X .
 1 @ X . . . . .

koPOSITIONALscoreAREAtaxNONEsui1komi5
Time taken: ###
Root visits: 100
New playouts: 61
NN rows: 7
NN batches: 7
NN avg batch size: 1
PV: A1 C1 A5 pass pass
Tree:
: T   0.96c W  -2.25c S   0.07c ( +0.0 L  +0.0) N     100  --  A1 C1 A5 pass pass
---White(^)---
A1  : T   2.57c W  -0.54c S   0.15c ( +0.0 L  +0.0) LCB   -5.81c P 66.27% WF  97.4 PSV      97 N      97  --  A1 C1 A5 pass pass
C1  : T -94.57c W -90.14c S  -4.42c ( -1.2 L  -1.3) LCB -444.57c P 17.18% WF   0.8 PSV       1 N       1  --  C1
A5  : T -66.91c W -93.77c S  -4.51c ( -1.2 L  -1.1) LCB -416.91c P  5.37% WF   0.8 PSV       0 N       1  --  A5
MoveNum: 5 HASH: 806A1708DE637B1D9145BE60E7EE7578
   A B C D E F G
 7 . . . O X X .
 6 . O . O O X .
 5 . X O O X . .
 4 . O O X X X1.
 3 O . O X X . X
 2 O O X X . X .
 1 O2X @ . . . .

koPOSITIONALscoreAREAtaxNONEsui1komi5
Time taken: ###
Root visits: 50
New playouts: 50
NN rows: 39
NN batches: 39
NN avg batch size: 1
PV: C1 D1 B1 pass A5 pass pass
Tree:
: T 104.50c W  99.89c S   4.02c ( +3.6 L  +3.3) N      50  --  C1 D1 B1 pass A5 pass pass
---White(^)---
C1  : T 104.53c W  99.90c S   4.03c ( +3.6 L  +3.3) LCB  103.75c P 96.95% WF  49.0 PSV      49 N      49  --  C1 D1 B1 pass A5 pass pass
MoveNum: 6 HASH: 806A1708DE637B1D9145BE60E7EE7578
   A B C D E F G
 7 . . . O X X .
 6 . O . O O X .
 5 . X O O X . .
 4 . O O X X X .
 3 O . O X X . X
 2 O O X X . X .
 1 O1X @ . . . .

koPOSITIONALscoreAREAtaxNONEsui1komi5
Time taken: ###
Root visits: 50
New playouts: 50
NN rows: 1
NN batches: 1
NN avg batch size: 1
PV: C1 A5 pass pass
Tree:
: T  -3.30c W   2.07c S  -1.33c ( -0.0 L  -0.0) N      50  --  C1 A5 pass pass
---Black(^)---
C1  : T  -4.27c W   1.22c S  -1.36c ( -0.0 L  -0.0) LCB  -17.38c P 97.04% WF  49.0 PSV      49 N      49  --  C1 A5 pass pass
